stm32wbxx_ll_pwr.h:1664:22:LL_C2_PWR_SetPowerMode	16	static
stm32wbxx_ll_rcc.h:2329:22:LL_RCC_SetClkAfterWakeFromStop	16	static
app_entry.c:60:6:APPE_Init	8	static
app_entry.c:102:13:SystemPower_Config	8	static
app_entry.c:125:13:appe_Tl_Init	40	static
app_entry.c:151:13:Led_Init	8	static
app_entry.c:168:13:Button_Init	8	static
app_entry.c:183:13:APPE_SysStatusNot	16	static
app_entry.c:197:13:APPE_SysUserEvtRx	16	static
app_entry.c:215:6:UTIL_SEQ_Idle	8	static
app_entry.c:223:6:UTIL_SEQ_EvtIdle	16	static
app_entry.c:230:6:shci_notify_asynch_evt	16	static
app_entry.c:236:6:shci_cmd_resp_release	16	static
app_entry.c:242:6:shci_cmd_resp_wait	16	static
app_entry.c:248:6:HAL_GPIO_EXTI_Callback	16	static
