stm32wbxx_ll_exti.h:451:22:LL_EXTI_DisableIT_0_31	16	static
stm32wbxx_ll_exti.h:520:22:LL_EXTI_DisableIT_32_63	16	static
stm32wbxx_ll_rcc.h:1560:22:LL_RCC_HSI48_Enable	4	static
stm32wbxx_ll_rcc.h:1580:26:LL_RCC_HSI48_IsReady	4	static
stm32wbxx_ll_rcc.h:1609:22:LL_RCC_LSE_Enable	4	static
stm32wbxx_ll_rcc.h:1711:26:LL_RCC_LSE_IsReady	4	static
stm32wbxx_ll_rcc.h:2084:22:LL_RCC_SetRFWKPClockSource	16	static
stm32wbxx_ll_rcc.h:2839:22:LL_RCC_SetRTCClockSource	16	static
stm32wbxx_ll_rcc.h:2863:22:LL_RCC_EnableRTC	4	static
stm32wbxx_ll_rcc.h:2893:22:LL_RCC_ForceBackupDomainReset	4	static
stm32wbxx_ll_rcc.h:2903:22:LL_RCC_ReleaseBackupDomainReset	4	static
stm32wbxx_ll_rcc.h:4049:26:LL_RCC_IsActiveFlag_PINRST	4	static
stm32wbxx_ll_rcc.h:4059:26:LL_RCC_IsActiveFlag_SFTRST	4	static
stm32wbxx_ll_bus.h:745:22:LL_AHB3_GRP1_EnableClock	24	static
stm32wbxx_ll_bus.h:940:22:LL_APB1_GRP1_EnableClock	24	static
stm32wbxx_ll_ipcc.h:313:22:LL_C1_IPCC_DisableTransmitChannel	16	static
stm32wbxx_ll_ipcc.h:382:22:LL_C1_IPCC_DisableReceiveChannel	16	static
stm32wbxx_ll_ipcc.h:451:22:LL_C2_IPCC_DisableTransmitChannel	16	static
stm32wbxx_ll_ipcc.h:520:22:LL_C2_IPCC_DisableReceiveChannel	16	static
stm32wbxx_ll_ipcc.h:575:22:LL_C1_IPCC_ClearFlag_CHx	16	static
stm32wbxx_ll_ipcc.h:646:22:LL_C2_IPCC_ClearFlag_CHx	16	static
stm32wbxx_ll_cortex.h:310:22:LL_LPM_EnableSleep	4	static
stm32wbxx_ll_hsem.h:233:26:LL_HSEM_1StepLock	16	static
stm32wbxx_ll_rtc.h:1029:22:LL_RTC_EnableWriteProtection	16	static
stm32wbxx_ll_rtc.h:1040:22:LL_RTC_DisableWriteProtection	16	static
stm32wbxx_ll_rtc.h:2998:22:LL_RTC_WAKEUP_SetClock	16	static
main.c:72:5:main	8	static
main.c:107:13:Init_Exti	8	static
main.c:116:13:Reset_Device	8	static
main.c:127:13:Reset_IPCC	8	static
main.c:164:13:Reset_BackupDomain	8	static
main.c:183:13:Init_RTC	8	static
main.c:229:6:SystemClock_Config	112	static
main.c:299:6:HAL_Delay	24	static,ignoring_inline_asm
main.c:328:6:Error_Handler	4	static
