stm32wbxx_it.c:45:6:NMI_Handler	4	static
stm32wbxx_it.c:54:6:HardFault_Handler	4	static
stm32wbxx_it.c:67:6:SVC_Handler	4	static
stm32wbxx_it.c:76:6:DebugMon_Handler	4	static
stm32wbxx_it.c:85:6:PendSV_Handler	4	static
stm32wbxx_it.c:94:6:SysTick_Handler	8	static
stm32wbxx_it.c:113:6:EXTI15_10_IRQHandler	8	static
stm32wbxx_it.c:119:6:USB_LP_IRQHandler	8	static
stm32wbxx_it.c:129:6:USB_HP_IRQHandler	8	static
stm32wbxx_it.c:139:6:USB_FS_WKUP_IRQHandler	8	static
stm32wbxx_it.c:173:6:RTC_WKUP_IRQHandler	8	static
stm32wbxx_it.c:178:6:IPCC_C1_TX_IRQHandler	8	static
stm32wbxx_it.c:185:6:IPCC_C1_RX_IRQHandler	8	static
