stm32wbxx_ll_system.h:2221:26:LL_FLASH_GetUDN	4	static
stm32wbxx_ll_system.h:2233:26:LL_FLASH_GetDeviceID	4	static
stm32wbxx_ll_system.h:2245:26:LL_FLASH_GetSTCompanyID	4	static
app_ble.c:346:6:APP_BLE_Init	64	static
app_ble.c:459:28:SVCCTL_App_Notification	40	static
app_ble.c:573:22:APP_BLE_Get_Server_Connection_Status	4	static
app_ble.c:580:6:APP_BLE_Key_Button1_Action	8	static
app_ble.c:593:13:Ble_Tl_Init	16	static
app_ble.c:604:13:Ble_Hci_Gap_Gatt_Init	80	static
app_ble.c:746:13:Adv_Request	56	static
app_ble.c:834:16:BleGetBdAddress	32	static
app_ble.c:881:13:Adv_Cancel	16	static
app_ble.c:908:13:Adv_Cancel_Req	8	static
app_ble.c:914:13:Switch_OFF_GPIO	8	static
app_ble.c:923:6:hci_notify_asynch_evt	16	static
app_ble.c:929:6:hci_cmd_resp_release	16	static
app_ble.c:935:6:hci_cmd_resp_wait	16	static
app_ble.c:941:13:BLE_UserEvtRx	24	static
app_ble.c:959:13:BLE_StatusNot	24	static
app_ble.c:990:6:SVCCTL_ResumeUserEventFlow	8	static
