stm32wbxx_ll_system.h:2221:26:LL_FLASH_GetUDN	4	static
stm32wbxx_ll_system.h:2233:26:LL_FLASH_GetDeviceID	4	static
stm32wbxx_ll_system.h:2245:26:LL_FLASH_GetSTCompanyID	4	static
app_ble.c:249:6:APP_BLE_Init	64	static
app_ble.c:350:28:SVCCTL_App_Notification	112	static
app_ble.c:639:22:APP_BLE_Get_Client_Connection_Status	16	static
app_ble.c:649:6:APP_BLE_Key_Button1_Action	8	static
app_ble.c:665:6:APP_BLE_Key_Button2_Action	4	static
app_ble.c:669:6:APP_BLE_Key_Button3_Action	4	static
app_ble.c:678:13:Ble_Tl_Init	16	static
app_ble.c:689:14:Ble_Hci_Gap_Gatt_Init	80	static
app_ble.c:815:13:Scan_Request	16	static
app_ble.c:848:13:Connect_Request	48	static
app_ble.c:893:13:Switch_OFF_GPIO	8	static
app_ble.c:899:16:BleGetBdAddress	32	static
app_ble.c:954:6:hci_notify_asynch_evt	16	static
app_ble.c:960:6:hci_cmd_resp_release	16	static
app_ble.c:966:6:hci_cmd_resp_wait	16	static
app_ble.c:972:13:BLE_UserEvtRx	24	static
app_ble.c:990:13:BLE_StatusNot	24	static
app_ble.c:1021:6:SVCCTL_ResumeUserEventFlow	8	static
